2025-07-30 04:57:25,230 - __main__ - INFO - Initializing DataLoader for TSLA with period 2y
2025-07-30 04:57:25,230 - __main__ - INFO - Initializing FeatureEngineer
2025-07-30 04:57:25,230 - __main__ - INFO - Initialized OptimizeModel for TSLA with 1 day prediction
2025-07-30 04:57:25,230 - __main__ - INFO - Training with all features enabled
2025-07-30 04:57:25,230 - __main__ - INFO - Starting complete training and prediction pipeline
2025-07-30 04:57:25,230 - __main__ - INFO - Loading all data sources
2025-07-30 04:57:25,231 - __main__ - INFO - Loading stock data for TSLA
2025-07-30 04:57:25,495 - yfinance - ERROR - Failed to get ticker 'TSLA' reason: HTTPSConnectionPool(host='fc.yahoo.com', port=443): Max retries exceeded with url: / (Caused by NameResolutionError("<urllib3.connection.HTTPSConnection object at 0x7f94cbc3d2b0>: Failed to resolve 'fc.yahoo.com' ([Errno -3] Temporary failure in name resolution)"))
2025-07-30 04:57:25,499 - __main__ - ERROR - Error loading stock data: HTTPSConnectionPool(host='fc.yahoo.com', port=443): Max retries exceeded with url: / (Caused by NameResolutionError("<urllib3.connection.HTTPSConnection object at 0x7f94cbc1dd10>: Failed to resolve 'fc.yahoo.com' ([Errno -3] Temporary failure in name resolution)"))
2025-07-30 04:57:25,499 - __main__ - ERROR - Error loading all data: No stock data available
2025-07-30 04:57:25,499 - __main__ - ERROR - Error in training and prediction pipeline: No data available for training
2025-07-30 04:57:25,500 - __main__ - WARNING - Feature importance not available for random_forest
2025-07-30 04:57:25,500 - __main__ - INFO - Training with only traditional features
2025-07-30 04:57:25,500 - __main__ - INFO - Starting complete training and prediction pipeline
2025-07-30 04:57:25,500 - __main__ - INFO - Loading all data sources
2025-07-30 04:57:25,500 - __main__ - INFO - Loading stock data for TSLA
2025-07-30 04:57:25,508 - yfinance - ERROR - Failed to get ticker 'TSLA' reason: HTTPSConnectionPool(host='fc.yahoo.com', port=443): Max retries exceeded with url: / (Caused by NameResolutionError("<urllib3.connection.HTTPSConnection object at 0x7f94cbc60410>: Failed to resolve 'fc.yahoo.com' ([Errno -3] Temporary failure in name resolution)"))
2025-07-30 04:57:25,515 - __main__ - ERROR - Error loading stock data: HTTPSConnectionPool(host='fc.yahoo.com', port=443): Max retries exceeded with url: / (Caused by NameResolutionError("<urllib3.connection.HTTPSConnection object at 0x7f94cbc60690>: Failed to resolve 'fc.yahoo.com' ([Errno -3] Temporary failure in name resolution)"))
2025-07-30 04:57:25,515 - __main__ - ERROR - Error loading all data: No stock data available
2025-07-30 04:57:25,515 - __main__ - ERROR - Error in training and prediction pipeline: No data available for training
2025-07-30 04:58:11,082 - __main__ - INFO - Initializing DataLoader for TSLA with period 2y
2025-07-30 04:58:11,082 - __main__ - INFO - Initializing FeatureEngineer
2025-07-30 04:58:11,082 - __main__ - INFO - Initialized OptimizeModel for TSLA with 1 day prediction
2025-07-30 04:58:11,082 - __main__ - INFO - Training with all features enabled
2025-07-30 04:58:11,082 - __main__ - INFO - Starting complete training and prediction pipeline
2025-07-30 04:58:11,082 - __main__ - INFO - Loading all data sources
2025-07-30 04:58:11,082 - __main__ - INFO - Loading stock data for TSLA
2025-07-30 04:58:11,088 - yfinance - ERROR - Failed to get ticker 'TSLA' reason: HTTPSConnectionPool(host='fc.yahoo.com', port=443): Max retries exceeded with url: / (Caused by NameResolutionError("<urllib3.connection.HTTPSConnection object at 0x7fbcd07992b0>: Failed to resolve 'fc.yahoo.com' ([Errno -3] Temporary failure in name resolution)"))
2025-07-30 04:58:11,091 - __main__ - WARNING - Error loading stock data from Yahoo Finance: HTTPSConnectionPool(host='fc.yahoo.com', port=443): Max retries exceeded with url: / (Caused by NameResolutionError("<urllib3.connection.HTTPSConnection object at 0x7fbcd0779d10>: Failed to resolve 'fc.yahoo.com' ([Errno -3] Temporary failure in name resolution)"))
2025-07-30 04:58:11,091 - __main__ - INFO - Falling back to simulated stock data for demonstration
2025-07-30 04:58:11,317 - __main__ - INFO - Generated 523 rows of simulated stock data
2025-07-30 04:58:11,317 - __main__ - INFO - Loading on-chain metrics
2025-07-30 04:58:11,320 - __main__ - INFO - Successfully loaded 731 rows of on-chain data
2025-07-30 04:58:11,320 - __main__ - INFO - Loading sentiment data
2025-07-30 04:58:11,321 - __main__ - INFO - Successfully loaded 731 rows of sentiment data
2025-07-30 04:58:11,323 - __main__ - INFO - Merged on-chain data
2025-07-30 04:58:11,324 - __main__ - INFO - Merged sentiment data
2025-07-30 04:58:11,325 - __main__ - INFO - Combined dataset shape: (523, 26)
2025-07-30 04:58:11,325 - __main__ - INFO - Creating advanced features
2025-07-30 04:58:11,325 - __main__ - INFO - Creating technical indicators
2025-07-30 04:58:11,334 - __main__ - INFO - Created 26 technical indicators
2025-07-30 04:58:11,334 - __main__ - INFO - Creating on-chain features
2025-07-30 04:58:11,341 - __main__ - INFO - Created 24 on-chain features
2025-07-30 04:58:11,341 - __main__ - INFO - Added on-chain features
2025-07-30 04:58:11,341 - __main__ - INFO - Creating sentiment features
2025-07-30 04:58:11,349 - __main__ - INFO - Created 26 sentiment features
2025-07-30 04:58:11,349 - __main__ - INFO - Added sentiment features
2025-07-30 04:58:11,352 - __main__ - INFO - Final dataset shape after feature engineering: (0, 115)
2025-07-30 04:58:11,354 - __main__ - INFO - Prepared features: 106 features, 0 samples
2025-07-30 04:58:11,354 - __main__ - ERROR - Error in training and prediction pipeline: No valid features prepared
2025-07-30 04:58:11,354 - __main__ - WARNING - Feature importance not available for random_forest
2025-07-30 04:58:11,354 - __main__ - INFO - Training with only traditional features
2025-07-30 04:58:11,354 - __main__ - INFO - Starting complete training and prediction pipeline
2025-07-30 04:58:11,354 - __main__ - INFO - Loading all data sources
2025-07-30 04:58:11,354 - __main__ - INFO - Loading stock data for TSLA
2025-07-30 04:58:11,364 - yfinance - ERROR - Failed to get ticker 'TSLA' reason: HTTPSConnectionPool(host='fc.yahoo.com', port=443): Max retries exceeded with url: / (Caused by NameResolutionError("<urllib3.connection.HTTPSConnection object at 0x7fbcd077bc50>: Failed to resolve 'fc.yahoo.com' ([Errno -3] Temporary failure in name resolution)"))
2025-07-30 04:58:11,372 - __main__ - WARNING - Error loading stock data from Yahoo Finance: HTTPSConnectionPool(host='fc.yahoo.com', port=443): Max retries exceeded with url: / (Caused by NameResolutionError("<urllib3.connection.HTTPSConnection object at 0x7fbcd077bb10>: Failed to resolve 'fc.yahoo.com' ([Errno -3] Temporary failure in name resolution)"))
2025-07-30 04:58:11,373 - __main__ - INFO - Falling back to simulated stock data for demonstration
2025-07-30 04:58:11,569 - __main__ - INFO - Generated 523 rows of simulated stock data
2025-07-30 04:58:11,569 - __main__ - INFO - Loading on-chain metrics
2025-07-30 04:58:11,571 - __main__ - INFO - Successfully loaded 731 rows of on-chain data
2025-07-30 04:58:11,571 - __main__ - INFO - Loading sentiment data
2025-07-30 04:58:11,572 - __main__ - INFO - Successfully loaded 731 rows of sentiment data
2025-07-30 04:58:11,574 - __main__ - INFO - Merged on-chain data
2025-07-30 04:58:11,575 - __main__ - INFO - Merged sentiment data
2025-07-30 04:58:11,576 - __main__ - INFO - Combined dataset shape: (523, 26)
2025-07-30 04:58:11,576 - __main__ - INFO - On-chain features disabled
2025-07-30 04:58:11,576 - __main__ - INFO - Sentiment features disabled
2025-07-30 04:58:11,576 - __main__ - INFO - Creating advanced features
2025-07-30 04:58:11,576 - __main__ - INFO - Creating technical indicators
2025-07-30 04:58:11,584 - __main__ - INFO - Created 26 technical indicators
2025-07-30 04:58:11,588 - __main__ - INFO - Final dataset shape after feature engineering: (0, 49)
2025-07-30 04:58:11,589 - __main__ - INFO - Prepared features: 40 features, 0 samples
2025-07-30 04:58:11,589 - __main__ - ERROR - Error in training and prediction pipeline: No valid features prepared
2025-07-30 04:59:29,323 - __main__ - INFO - Initializing DataLoader for TSLA with period 2y
2025-07-30 04:59:29,323 - __main__ - INFO - Initializing FeatureEngineer
2025-07-30 04:59:29,323 - __main__ - INFO - Initialized OptimizeModel for TSLA with 1 day prediction
2025-07-30 04:59:29,323 - __main__ - INFO - Training with all features enabled
2025-07-30 04:59:29,323 - __main__ - INFO - Starting complete training and prediction pipeline
2025-07-30 04:59:29,323 - __main__ - INFO - Loading all data sources
2025-07-30 04:59:29,323 - __main__ - INFO - Loading stock data for TSLA
2025-07-30 04:59:29,329 - yfinance - ERROR - Failed to get ticker 'TSLA' reason: HTTPSConnectionPool(host='fc.yahoo.com', port=443): Max retries exceeded with url: / (Caused by NameResolutionError("<urllib3.connection.HTTPSConnection object at 0x7fb06c1a52b0>: Failed to resolve 'fc.yahoo.com' ([Errno -3] Temporary failure in name resolution)"))
2025-07-30 04:59:29,337 - __main__ - WARNING - Error loading stock data from Yahoo Finance: HTTPSConnectionPool(host='fc.yahoo.com', port=443): Max retries exceeded with url: / (Caused by NameResolutionError("<urllib3.connection.HTTPSConnection object at 0x7fb06c189d10>: Failed to resolve 'fc.yahoo.com' ([Errno -3] Temporary failure in name resolution)"))
2025-07-30 04:59:29,337 - __main__ - INFO - Falling back to simulated stock data for demonstration
2025-07-30 04:59:29,562 - __main__ - INFO - Generated 523 rows of simulated stock data
2025-07-30 04:59:29,562 - __main__ - INFO - Loading on-chain metrics
2025-07-30 04:59:29,564 - __main__ - INFO - Successfully loaded 731 rows of on-chain data
2025-07-30 04:59:29,564 - __main__ - INFO - Loading sentiment data
2025-07-30 04:59:29,566 - __main__ - INFO - Successfully loaded 731 rows of sentiment data
2025-07-30 04:59:29,567 - __main__ - INFO - Merged on-chain data
2025-07-30 04:59:29,569 - __main__ - INFO - Merged sentiment data
2025-07-30 04:59:29,569 - __main__ - INFO - Combined dataset shape: (523, 26)
2025-07-30 04:59:29,569 - __main__ - INFO - Creating advanced features
2025-07-30 04:59:29,570 - __main__ - INFO - Creating technical indicators
2025-07-30 04:59:29,577 - __main__ - INFO - Created 23 technical indicators
2025-07-30 04:59:29,577 - __main__ - INFO - Creating on-chain features
2025-07-30 04:59:29,585 - __main__ - INFO - Created 24 on-chain features
2025-07-30 04:59:29,585 - __main__ - INFO - Added on-chain features
2025-07-30 04:59:29,585 - __main__ - INFO - Creating sentiment features
2025-07-30 04:59:29,592 - __main__ - INFO - Created 26 sentiment features
2025-07-30 04:59:29,592 - __main__ - INFO - Added sentiment features
2025-07-30 04:59:29,593 - __main__ - WARNING - Only 0 valid rows after feature engineering. Using forward fill to preserve more data.
2025-07-30 04:59:29,593 - __main__ - INFO - Creating technical indicators
2025-07-30 04:59:29,600 - __main__ - INFO - Created 23 technical indicators
2025-07-30 04:59:29,604 - __main__ - INFO - Final dataset shape after feature engineering: (522, 59) (started with 523)
2025-07-30 04:59:29,605 - __main__ - INFO - Prepared features: 50 features, 522 samples
2025-07-30 04:59:29,605 - __main__ - INFO - Training models
2025-07-30 04:59:29,606 - __main__ - INFO - Training random_forest
2025-07-30 04:59:29,857 - __main__ - INFO - random_forest - MSE: 1090.3456, MAE: 22.4429, R2: 0.0689
2025-07-30 04:59:29,882 - __main__ - INFO - Top 5 features for random_forest:
2025-07-30 04:59:29,882 - __main__ - INFO -   close_lag_1: 0.4812
2025-07-30 04:59:29,882 - __main__ - INFO -   ema_5: 0.3546
2025-07-30 04:59:29,882 - __main__ - INFO -   sma_5: 0.0943
2025-07-30 04:59:29,882 - __main__ - INFO -   ema_10: 0.0313
2025-07-30 04:59:29,882 - __main__ - INFO -   ema_20: 0.0075
2025-07-30 04:59:29,883 - __main__ - INFO - Training gradient_boosting
2025-07-30 04:59:30,216 - __main__ - INFO - gradient_boosting - MSE: 913.4811, MAE: 20.4810, R2: 0.2199
2025-07-30 04:59:30,218 - __main__ - INFO - Top 5 features for gradient_boosting:
2025-07-30 04:59:30,218 - __main__ - INFO -   ema_5: 0.5521
2025-07-30 04:59:30,218 - __main__ - INFO -   close_lag_1: 0.3929
2025-07-30 04:59:30,218 - __main__ - INFO -   sma_5: 0.0242
2025-07-30 04:59:30,218 - __main__ - INFO -   sma_10: 0.0048
2025-07-30 04:59:30,218 - __main__ - INFO -   bb_upper: 0.0030
2025-07-30 04:59:30,218 - __main__ - INFO - Training linear_regression
2025-07-30 04:59:30,221 - __main__ - INFO - linear_regression - MSE: 117.3787, MAE: 8.8168, R2: 0.8998
2025-07-30 04:59:30,221 - __main__ - INFO - Model training completed successfully
2025-07-30 04:59:30,221 - __main__ - INFO - Making predictions with random_forest
2025-07-30 04:59:30,222 - __main__ - INFO - Prepared features: 50 features, 522 samples
2025-07-30 04:59:30,246 - __main__ - INFO - Generated 522 predictions
2025-07-30 04:59:30,247 - __main__ - INFO - Pipeline completed successfully
2025-07-30 04:59:30,248 - __main__ - INFO - Training with only traditional features
2025-07-30 04:59:30,248 - __main__ - INFO - Starting complete training and prediction pipeline
2025-07-30 04:59:30,248 - __main__ - INFO - Loading all data sources
2025-07-30 04:59:30,248 - __main__ - INFO - Loading stock data for TSLA
2025-07-30 04:59:30,254 - yfinance - ERROR - Failed to get ticker 'TSLA' reason: HTTPSConnectionPool(host='fc.yahoo.com', port=443): Max retries exceeded with url: / (Caused by NameResolutionError("<urllib3.connection.HTTPSConnection object at 0x7fb06c034410>: Failed to resolve 'fc.yahoo.com' ([Errno -3] Temporary failure in name resolution)"))
2025-07-30 04:59:30,262 - __main__ - WARNING - Error loading stock data from Yahoo Finance: HTTPSConnectionPool(host='fc.yahoo.com', port=443): Max retries exceeded with url: / (Caused by NameResolutionError("<urllib3.connection.HTTPSConnection object at 0x7fb06c034690>: Failed to resolve 'fc.yahoo.com' ([Errno -3] Temporary failure in name resolution)"))
2025-07-30 04:59:30,262 - __main__ - INFO - Falling back to simulated stock data for demonstration
2025-07-30 04:59:30,460 - __main__ - INFO - Generated 523 rows of simulated stock data
2025-07-30 04:59:30,460 - __main__ - INFO - Loading on-chain metrics
2025-07-30 04:59:30,462 - __main__ - INFO - Successfully loaded 731 rows of on-chain data
2025-07-30 04:59:30,462 - __main__ - INFO - Loading sentiment data
2025-07-30 04:59:30,463 - __main__ - INFO - Successfully loaded 731 rows of sentiment data
2025-07-30 04:59:30,464 - __main__ - INFO - Merged on-chain data
2025-07-30 04:59:30,465 - __main__ - INFO - Merged sentiment data
2025-07-30 04:59:30,466 - __main__ - INFO - Combined dataset shape: (523, 26)
2025-07-30 04:59:30,466 - __main__ - INFO - On-chain features disabled
2025-07-30 04:59:30,467 - __main__ - INFO - Sentiment features disabled
2025-07-30 04:59:30,467 - __main__ - INFO - Creating advanced features
2025-07-30 04:59:30,467 - __main__ - INFO - Creating technical indicators
2025-07-30 04:59:30,474 - __main__ - INFO - Created 23 technical indicators
2025-07-30 04:59:30,475 - __main__ - WARNING - Only 0 valid rows after feature engineering. Using forward fill to preserve more data.
2025-07-30 04:59:30,475 - __main__ - INFO - Creating technical indicators
2025-07-30 04:59:30,482 - __main__ - INFO - Created 23 technical indicators
2025-07-30 04:59:30,485 - __main__ - INFO - Final dataset shape after feature engineering: (522, 43) (started with 523)
2025-07-30 04:59:30,486 - __main__ - INFO - Prepared features: 34 features, 522 samples
2025-07-30 04:59:30,486 - __main__ - INFO - Training models
2025-07-30 04:59:30,487 - __main__ - INFO - Training random_forest
2025-07-30 04:59:30,720 - __main__ - INFO - random_forest - MSE: 1098.4832, MAE: 22.5920, R2: 0.0619
2025-07-30 04:59:30,744 - __main__ - INFO - Top 5 features for random_forest:
2025-07-30 04:59:30,744 - __main__ - INFO -   close_lag_1: 0.4848
2025-07-30 04:59:30,744 - __main__ - INFO -   ema_5: 0.3409
2025-07-30 04:59:30,745 - __main__ - INFO -   sma_5: 0.1129
2025-07-30 04:59:30,745 - __main__ - INFO -   ema_10: 0.0252
2025-07-30 04:59:30,745 - __main__ - INFO -   ema_20: 0.0073
2025-07-30 04:59:30,745 - __main__ - INFO - Training gradient_boosting
2025-07-30 04:59:31,073 - __main__ - INFO - gradient_boosting - MSE: 929.1335, MAE: 21.0863, R2: 0.2065
2025-07-30 04:59:31,074 - __main__ - INFO - Top 5 features for gradient_boosting:
2025-07-30 04:59:31,074 - __main__ - INFO -   ema_5: 0.5494
2025-07-30 04:59:31,074 - __main__ - INFO -   close_lag_1: 0.3928
2025-07-30 04:59:31,075 - __main__ - INFO -   sma_5: 0.0236
2025-07-30 04:59:31,075 - __main__ - INFO -   bb_upper: 0.0063
2025-07-30 04:59:31,075 - __main__ - INFO -   sma_10: 0.0048
2025-07-30 04:59:31,075 - __main__ - INFO - Training linear_regression
2025-07-30 04:59:31,077 - __main__ - INFO - linear_regression - MSE: 117.3787, MAE: 8.8168, R2: 0.8998
2025-07-30 04:59:31,077 - __main__ - INFO - Model training completed successfully
2025-07-30 04:59:31,077 - __main__ - INFO - Making predictions with random_forest
2025-07-30 04:59:31,078 - __main__ - INFO - Prepared features: 34 features, 522 samples
2025-07-30 04:59:31,101 - __main__ - INFO - Generated 522 predictions
2025-07-30 04:59:31,101 - __main__ - INFO - Pipeline completed successfully
2025-07-30 05:00:40,608 - __main__ - INFO - Starting comprehensive tests...
2025-07-30 05:00:40,608 - __main__ - INFO - Testing DataLoader...
2025-07-30 05:00:40,608 - OptimizeModel_fixed_id_matching - INFO - Initializing DataLoader for TSLA with period 1y
2025-07-30 05:00:40,608 - OptimizeModel_fixed_id_matching - INFO - Loading stock data for TSLA
2025-07-30 05:00:40,615 - yfinance - ERROR - Failed to get ticker 'TSLA' reason: HTTPSConnectionPool(host='fc.yahoo.com', port=443): Max retries exceeded with url: / (Caused by NameResolutionError("<urllib3.connection.HTTPSConnection object at 0x7fb2b0331010>: Failed to resolve 'fc.yahoo.com' ([Errno -3] Temporary failure in name resolution)"))
2025-07-30 05:00:40,625 - OptimizeModel_fixed_id_matching - WARNING - Error loading stock data from Yahoo Finance: HTTPSConnectionPool(host='fc.yahoo.com', port=443): Max retries exceeded with url: / (Caused by NameResolutionError("<urllib3.connection.HTTPSConnection object at 0x7fb2a815dd10>: Failed to resolve 'fc.yahoo.com' ([Errno -3] Temporary failure in name resolution)"))
2025-07-30 05:00:40,625 - OptimizeModel_fixed_id_matching - INFO - Falling back to simulated stock data for demonstration
2025-07-30 05:00:40,823 - OptimizeModel_fixed_id_matching - INFO - Generated 523 rows of simulated stock data
2025-07-30 05:00:40,823 - __main__ - INFO - ✓ Stock data loaded: 523 rows
2025-07-30 05:00:40,823 - OptimizeModel_fixed_id_matching - INFO - Loading on-chain metrics
2025-07-30 05:00:40,826 - OptimizeModel_fixed_id_matching - INFO - Successfully loaded 731 rows of on-chain data
2025-07-30 05:00:40,826 - __main__ - INFO - ✓ On-chain data loaded: 731 rows
2025-07-30 05:00:40,826 - OptimizeModel_fixed_id_matching - INFO - Loading sentiment data
2025-07-30 05:00:40,827 - OptimizeModel_fixed_id_matching - INFO - Successfully loaded 731 rows of sentiment data
2025-07-30 05:00:40,827 - __main__ - INFO - ✓ Sentiment data loaded: 731 rows
2025-07-30 05:00:40,827 - __main__ - INFO - Testing FeatureEngineer...
2025-07-30 05:00:40,827 - OptimizeModel_fixed_id_matching - INFO - Initializing DataLoader for TSLA with period 1y
2025-07-30 05:00:40,827 - OptimizeModel_fixed_id_matching - INFO - Loading stock data for TSLA
2025-07-30 05:00:40,832 - yfinance - ERROR - Failed to get ticker 'TSLA' reason: HTTPSConnectionPool(host='fc.yahoo.com', port=443): Max retries exceeded with url: / (Caused by NameResolutionError("<urllib3.connection.HTTPSConnection object at 0x7fb2a815f9d0>: Failed to resolve 'fc.yahoo.com' ([Errno -3] Temporary failure in name resolution)"))
2025-07-30 05:00:40,836 - OptimizeModel_fixed_id_matching - WARNING - Error loading stock data from Yahoo Finance: HTTPSConnectionPool(host='fc.yahoo.com', port=443): Max retries exceeded with url: / (Caused by NameResolutionError("<urllib3.connection.HTTPSConnection object at 0x7fb2a815f890>: Failed to resolve 'fc.yahoo.com' ([Errno -3] Temporary failure in name resolution)"))
2025-07-30 05:00:40,836 - OptimizeModel_fixed_id_matching - INFO - Falling back to simulated stock data for demonstration
2025-07-30 05:00:41,028 - OptimizeModel_fixed_id_matching - INFO - Generated 523 rows of simulated stock data
2025-07-30 05:00:41,028 - OptimizeModel_fixed_id_matching - INFO - Loading on-chain metrics
2025-07-30 05:00:41,030 - OptimizeModel_fixed_id_matching - INFO - Successfully loaded 731 rows of on-chain data
2025-07-30 05:00:41,030 - OptimizeModel_fixed_id_matching - INFO - Loading sentiment data
2025-07-30 05:00:41,031 - OptimizeModel_fixed_id_matching - INFO - Successfully loaded 731 rows of sentiment data
2025-07-30 05:00:41,031 - OptimizeModel_fixed_id_matching - INFO - Initializing FeatureEngineer
2025-07-30 05:00:41,031 - OptimizeModel_fixed_id_matching - INFO - Creating technical indicators
2025-07-30 05:00:41,039 - OptimizeModel_fixed_id_matching - INFO - Created 23 technical indicators
2025-07-30 05:00:41,039 - __main__ - INFO - ✓ Technical indicators created: 23 new features
2025-07-30 05:00:41,039 - OptimizeModel_fixed_id_matching - INFO - Creating on-chain features
2025-07-30 05:00:41,047 - OptimizeModel_fixed_id_matching - INFO - Created 24 on-chain features
2025-07-30 05:00:41,047 - __main__ - INFO - ✓ On-chain features created: 24 new features
2025-07-30 05:00:41,047 - OptimizeModel_fixed_id_matching - INFO - Creating sentiment features
2025-07-30 05:00:41,053 - OptimizeModel_fixed_id_matching - INFO - Created 26 sentiment features
2025-07-30 05:00:41,053 - __main__ - INFO - ✓ Sentiment features created: 26 new features
2025-07-30 05:00:41,053 - __main__ - INFO - Testing OptimizeModel...
2025-07-30 05:00:41,053 - OptimizeModel_fixed_id_matching - INFO - Initializing DataLoader for TSLA with period 2y
2025-07-30 05:00:41,053 - OptimizeModel_fixed_id_matching - INFO - Initializing FeatureEngineer
2025-07-30 05:00:41,054 - OptimizeModel_fixed_id_matching - INFO - Initialized OptimizeModel for TSLA with 1 day prediction
2025-07-30 05:00:41,054 - __main__ - INFO - ✓ Model initialized correctly
2025-07-30 05:00:41,054 - OptimizeModel_fixed_id_matching - INFO - Loading all data sources
2025-07-30 05:00:41,054 - OptimizeModel_fixed_id_matching - INFO - Loading stock data for TSLA
2025-07-30 05:00:41,059 - yfinance - ERROR - Failed to get ticker 'TSLA' reason: HTTPSConnectionPool(host='fc.yahoo.com', port=443): Max retries exceeded with url: / (Caused by NameResolutionError("<urllib3.connection.HTTPSConnection object at 0x7fb2a815ee90>: Failed to resolve 'fc.yahoo.com' ([Errno -3] Temporary failure in name resolution)"))
2025-07-30 05:00:41,063 - yfinance - ERROR - $TSLA: possibly delisted; no price data found  (period=2y)
2025-07-30 05:00:41,063 - OptimizeModel_fixed_id_matching - INFO - Successfully loaded 0 rows of stock data
2025-07-30 05:00:41,063 - OptimizeModel_fixed_id_matching - ERROR - Error loading all data: No stock data available
2025-07-30 05:00:41,063 - __main__ - ERROR - ❌ Test failed: Combined data should not be empty
2025-07-30 05:01:05,495 - __main__ - INFO - Starting comprehensive tests...
2025-07-30 05:01:05,495 - __main__ - INFO - Testing DataLoader...
2025-07-30 05:01:05,495 - OptimizeModel_fixed_id_matching - INFO - Initializing DataLoader for TSLA with period 1y
2025-07-30 05:01:05,495 - OptimizeModel_fixed_id_matching - INFO - Loading stock data for TSLA
2025-07-30 05:01:05,503 - yfinance - ERROR - Failed to get ticker 'TSLA' reason: HTTPSConnectionPool(host='fc.yahoo.com', port=443): Max retries exceeded with url: / (Caused by NameResolutionError("<urllib3.connection.HTTPSConnection object at 0x7f3251229010>: Failed to resolve 'fc.yahoo.com' ([Errno -3] Temporary failure in name resolution)"))
2025-07-30 05:01:05,507 - OptimizeModel_fixed_id_matching - WARNING - Error loading stock data from Yahoo Finance: HTTPSConnectionPool(host='fc.yahoo.com', port=443): Max retries exceeded with url: / (Caused by NameResolutionError("<urllib3.connection.HTTPSConnection object at 0x7f324922dd10>: Failed to resolve 'fc.yahoo.com' ([Errno -3] Temporary failure in name resolution)"))
2025-07-30 05:01:05,507 - OptimizeModel_fixed_id_matching - INFO - Falling back to simulated stock data for demonstration
2025-07-30 05:01:05,698 - OptimizeModel_fixed_id_matching - INFO - Generated 523 rows of simulated stock data
2025-07-30 05:01:05,698 - __main__ - INFO - ✓ Stock data loaded: 523 rows
2025-07-30 05:01:05,698 - OptimizeModel_fixed_id_matching - INFO - Loading on-chain metrics
2025-07-30 05:01:05,701 - OptimizeModel_fixed_id_matching - INFO - Successfully loaded 731 rows of on-chain data
2025-07-30 05:01:05,701 - __main__ - INFO - ✓ On-chain data loaded: 731 rows
2025-07-30 05:01:05,701 - OptimizeModel_fixed_id_matching - INFO - Loading sentiment data
2025-07-30 05:01:05,702 - OptimizeModel_fixed_id_matching - INFO - Successfully loaded 731 rows of sentiment data
2025-07-30 05:01:05,702 - __main__ - INFO - ✓ Sentiment data loaded: 731 rows
2025-07-30 05:01:05,702 - __main__ - INFO - Testing FeatureEngineer...
2025-07-30 05:01:05,702 - OptimizeModel_fixed_id_matching - INFO - Initializing DataLoader for TSLA with period 1y
2025-07-30 05:01:05,703 - OptimizeModel_fixed_id_matching - INFO - Loading stock data for TSLA
2025-07-30 05:01:05,707 - yfinance - ERROR - Failed to get ticker 'TSLA' reason: HTTPSConnectionPool(host='fc.yahoo.com', port=443): Max retries exceeded with url: / (Caused by NameResolutionError("<urllib3.connection.HTTPSConnection object at 0x7f324922f9d0>: Failed to resolve 'fc.yahoo.com' ([Errno -3] Temporary failure in name resolution)"))
2025-07-30 05:01:05,714 - OptimizeModel_fixed_id_matching - WARNING - Error loading stock data from Yahoo Finance: HTTPSConnectionPool(host='fc.yahoo.com', port=443): Max retries exceeded with url: / (Caused by NameResolutionError("<urllib3.connection.HTTPSConnection object at 0x7f324922f890>: Failed to resolve 'fc.yahoo.com' ([Errno -3] Temporary failure in name resolution)"))
2025-07-30 05:01:05,714 - OptimizeModel_fixed_id_matching - INFO - Falling back to simulated stock data for demonstration
2025-07-30 05:01:05,907 - OptimizeModel_fixed_id_matching - INFO - Generated 523 rows of simulated stock data
2025-07-30 05:01:05,907 - OptimizeModel_fixed_id_matching - INFO - Loading on-chain metrics
2025-07-30 05:01:05,909 - OptimizeModel_fixed_id_matching - INFO - Successfully loaded 731 rows of on-chain data
2025-07-30 05:01:05,909 - OptimizeModel_fixed_id_matching - INFO - Loading sentiment data
2025-07-30 05:01:05,910 - OptimizeModel_fixed_id_matching - INFO - Successfully loaded 731 rows of sentiment data
2025-07-30 05:01:05,911 - OptimizeModel_fixed_id_matching - INFO - Initializing FeatureEngineer
2025-07-30 05:01:05,911 - OptimizeModel_fixed_id_matching - INFO - Creating technical indicators
2025-07-30 05:01:05,918 - OptimizeModel_fixed_id_matching - INFO - Created 23 technical indicators
2025-07-30 05:01:05,919 - __main__ - INFO - ✓ Technical indicators created: 23 new features
2025-07-30 05:01:05,919 - OptimizeModel_fixed_id_matching - INFO - Creating on-chain features
2025-07-30 05:01:05,926 - OptimizeModel_fixed_id_matching - INFO - Created 24 on-chain features
2025-07-30 05:01:05,926 - __main__ - INFO - ✓ On-chain features created: 24 new features
2025-07-30 05:01:05,926 - OptimizeModel_fixed_id_matching - INFO - Creating sentiment features
2025-07-30 05:01:05,933 - OptimizeModel_fixed_id_matching - INFO - Created 26 sentiment features
2025-07-30 05:01:05,933 - __main__ - INFO - ✓ Sentiment features created: 26 new features
2025-07-30 05:01:05,933 - __main__ - INFO - Testing OptimizeModel...
2025-07-30 05:01:05,933 - OptimizeModel_fixed_id_matching - INFO - Initializing DataLoader for TSLA with period 2y
2025-07-30 05:01:05,933 - OptimizeModel_fixed_id_matching - INFO - Initializing FeatureEngineer
2025-07-30 05:01:05,933 - OptimizeModel_fixed_id_matching - INFO - Initialized OptimizeModel for TSLA with 1 day prediction
2025-07-30 05:01:05,933 - __main__ - INFO - ✓ Model initialized correctly
2025-07-30 05:01:05,933 - OptimizeModel_fixed_id_matching - INFO - Loading all data sources
2025-07-30 05:01:05,933 - OptimizeModel_fixed_id_matching - INFO - Loading stock data for TSLA
2025-07-30 05:01:05,937 - yfinance - ERROR - Failed to get ticker 'TSLA' reason: HTTPSConnectionPool(host='fc.yahoo.com', port=443): Max retries exceeded with url: / (Caused by NameResolutionError("<urllib3.connection.HTTPSConnection object at 0x7f324922ee90>: Failed to resolve 'fc.yahoo.com' ([Errno -3] Temporary failure in name resolution)"))
2025-07-30 05:01:05,942 - yfinance - ERROR - $TSLA: possibly delisted; no price data found  (period=2y)
2025-07-30 05:01:05,942 - OptimizeModel_fixed_id_matching - WARNING - Yahoo Finance returned empty data
2025-07-30 05:01:06,130 - OptimizeModel_fixed_id_matching - INFO - Generated 523 rows of simulated stock data
2025-07-30 05:01:06,130 - OptimizeModel_fixed_id_matching - INFO - Loading on-chain metrics
2025-07-30 05:01:06,132 - OptimizeModel_fixed_id_matching - INFO - Successfully loaded 731 rows of on-chain data
2025-07-30 05:01:06,132 - OptimizeModel_fixed_id_matching - INFO - Loading sentiment data
2025-07-30 05:01:06,133 - OptimizeModel_fixed_id_matching - INFO - Successfully loaded 731 rows of sentiment data
2025-07-30 05:01:06,135 - OptimizeModel_fixed_id_matching - INFO - Merged on-chain data
2025-07-30 05:01:06,136 - OptimizeModel_fixed_id_matching - INFO - Merged sentiment data
2025-07-30 05:01:06,137 - OptimizeModel_fixed_id_matching - INFO - Combined dataset shape: (523, 26)
2025-07-30 05:01:06,137 - __main__ - INFO - ✓ Combined data loaded: (523, 26)
2025-07-30 05:01:06,137 - OptimizeModel_fixed_id_matching - INFO - Creating advanced features
2025-07-30 05:01:06,137 - OptimizeModel_fixed_id_matching - INFO - Creating technical indicators
2025-07-30 05:01:06,144 - OptimizeModel_fixed_id_matching - INFO - Created 23 technical indicators
2025-07-30 05:01:06,145 - OptimizeModel_fixed_id_matching - INFO - Creating on-chain features
2025-07-30 05:01:06,152 - OptimizeModel_fixed_id_matching - INFO - Created 24 on-chain features
2025-07-30 05:01:06,152 - OptimizeModel_fixed_id_matching - INFO - Added on-chain features
2025-07-30 05:01:06,152 - OptimizeModel_fixed_id_matching - INFO - Creating sentiment features
2025-07-30 05:01:06,159 - OptimizeModel_fixed_id_matching - INFO - Created 26 sentiment features
2025-07-30 05:01:06,159 - OptimizeModel_fixed_id_matching - INFO - Added sentiment features
2025-07-30 05:01:06,160 - OptimizeModel_fixed_id_matching - WARNING - Only 0 valid rows after feature engineering. Using forward fill to preserve more data.
2025-07-30 05:01:06,160 - OptimizeModel_fixed_id_matching - INFO - Creating technical indicators
2025-07-30 05:01:06,167 - OptimizeModel_fixed_id_matching - INFO - Created 23 technical indicators
2025-07-30 05:01:06,171 - OptimizeModel_fixed_id_matching - INFO - Final dataset shape after feature engineering: (522, 59) (started with 523)
2025-07-30 05:01:06,171 - __main__ - INFO - ✓ Advanced features created: (522, 59)
2025-07-30 05:01:06,172 - OptimizeModel_fixed_id_matching - INFO - Prepared features: 50 features, 522 samples
2025-07-30 05:01:06,172 - __main__ - INFO - ✓ Features prepared: (522, 50), target: (522,)
2025-07-30 05:01:06,172 - __main__ - INFO - Testing model training and prediction...
2025-07-30 05:01:06,172 - OptimizeModel_fixed_id_matching - INFO - Initializing DataLoader for TSLA with period 2y
2025-07-30 05:01:06,172 - OptimizeModel_fixed_id_matching - INFO - Initializing FeatureEngineer
2025-07-30 05:01:06,172 - OptimizeModel_fixed_id_matching - INFO - Initialized OptimizeModel for TSLA with 1 day prediction
2025-07-30 05:01:06,172 - OptimizeModel_fixed_id_matching - INFO - Starting complete training and prediction pipeline
2025-07-30 05:01:06,172 - OptimizeModel_fixed_id_matching - INFO - Loading all data sources
2025-07-30 05:01:06,172 - OptimizeModel_fixed_id_matching - INFO - Loading stock data for TSLA
2025-07-30 05:01:06,177 - yfinance - ERROR - Failed to get ticker 'TSLA' reason: HTTPSConnectionPool(host='fc.yahoo.com', port=443): Max retries exceeded with url: / (Caused by NameResolutionError("<urllib3.connection.HTTPSConnection object at 0x7f324922e990>: Failed to resolve 'fc.yahoo.com' ([Errno -3] Temporary failure in name resolution)"))
2025-07-30 05:01:06,181 - yfinance - ERROR - $TSLA: possibly delisted; no price data found  (period=2y)
2025-07-30 05:01:06,181 - OptimizeModel_fixed_id_matching - WARNING - Yahoo Finance returned empty data
2025-07-30 05:01:06,374 - OptimizeModel_fixed_id_matching - INFO - Generated 523 rows of simulated stock data
2025-07-30 05:01:06,374 - OptimizeModel_fixed_id_matching - INFO - Loading on-chain metrics
2025-07-30 05:01:06,376 - OptimizeModel_fixed_id_matching - INFO - Successfully loaded 731 rows of on-chain data
2025-07-30 05:01:06,376 - OptimizeModel_fixed_id_matching - INFO - Loading sentiment data
2025-07-30 05:01:06,377 - OptimizeModel_fixed_id_matching - INFO - Successfully loaded 731 rows of sentiment data
2025-07-30 05:01:06,379 - OptimizeModel_fixed_id_matching - INFO - Merged on-chain data
2025-07-30 05:01:06,380 - OptimizeModel_fixed_id_matching - INFO - Merged sentiment data
2025-07-30 05:01:06,380 - OptimizeModel_fixed_id_matching - INFO - Combined dataset shape: (523, 26)
2025-07-30 05:01:06,380 - OptimizeModel_fixed_id_matching - INFO - Creating advanced features
2025-07-30 05:01:06,380 - OptimizeModel_fixed_id_matching - INFO - Creating technical indicators
2025-07-30 05:01:06,388 - OptimizeModel_fixed_id_matching - INFO - Created 23 technical indicators
2025-07-30 05:01:06,388 - OptimizeModel_fixed_id_matching - INFO - Creating on-chain features
2025-07-30 05:01:06,395 - OptimizeModel_fixed_id_matching - INFO - Created 24 on-chain features
2025-07-30 05:01:06,395 - OptimizeModel_fixed_id_matching - INFO - Added on-chain features
2025-07-30 05:01:06,395 - OptimizeModel_fixed_id_matching - INFO - Creating sentiment features
2025-07-30 05:01:06,401 - OptimizeModel_fixed_id_matching - INFO - Created 26 sentiment features
2025-07-30 05:01:06,401 - OptimizeModel_fixed_id_matching - INFO - Added sentiment features
2025-07-30 05:01:06,402 - OptimizeModel_fixed_id_matching - WARNING - Only 0 valid rows after feature engineering. Using forward fill to preserve more data.
2025-07-30 05:01:06,403 - OptimizeModel_fixed_id_matching - INFO - Creating technical indicators
2025-07-30 05:01:06,410 - OptimizeModel_fixed_id_matching - INFO - Created 23 technical indicators
2025-07-30 05:01:06,413 - OptimizeModel_fixed_id_matching - INFO - Final dataset shape after feature engineering: (522, 59) (started with 523)
2025-07-30 05:01:06,414 - OptimizeModel_fixed_id_matching - INFO - Prepared features: 50 features, 522 samples
2025-07-30 05:01:06,414 - OptimizeModel_fixed_id_matching - INFO - Training models
2025-07-30 05:01:06,415 - OptimizeModel_fixed_id_matching - INFO - Training random_forest
2025-07-30 05:01:06,646 - OptimizeModel_fixed_id_matching - INFO - random_forest - MSE: 1090.3456, MAE: 22.4429, R2: 0.0689
2025-07-30 05:01:06,670 - OptimizeModel_fixed_id_matching - INFO - Top 5 features for random_forest:
2025-07-30 05:01:06,671 - OptimizeModel_fixed_id_matching - INFO -   close_lag_1: 0.4812
2025-07-30 05:01:06,671 - OptimizeModel_fixed_id_matching - INFO -   ema_5: 0.3546
2025-07-30 05:01:06,671 - OptimizeModel_fixed_id_matching - INFO -   sma_5: 0.0943
2025-07-30 05:01:06,671 - OptimizeModel_fixed_id_matching - INFO -   ema_10: 0.0313
2025-07-30 05:01:06,671 - OptimizeModel_fixed_id_matching - INFO -   ema_20: 0.0075
2025-07-30 05:01:06,671 - OptimizeModel_fixed_id_matching - INFO - Training gradient_boosting
2025-07-30 05:01:07,002 - OptimizeModel_fixed_id_matching - INFO - gradient_boosting - MSE: 913.4811, MAE: 20.4810, R2: 0.2199
2025-07-30 05:01:07,003 - OptimizeModel_fixed_id_matching - INFO - Top 5 features for gradient_boosting:
2025-07-30 05:01:07,003 - OptimizeModel_fixed_id_matching - INFO -   ema_5: 0.5521
2025-07-30 05:01:07,003 - OptimizeModel_fixed_id_matching - INFO -   close_lag_1: 0.3929
2025-07-30 05:01:07,003 - OptimizeModel_fixed_id_matching - INFO -   sma_5: 0.0242
2025-07-30 05:01:07,004 - OptimizeModel_fixed_id_matching - INFO -   sma_10: 0.0048
2025-07-30 05:01:07,004 - OptimizeModel_fixed_id_matching - INFO -   bb_upper: 0.0030
2025-07-30 05:01:07,004 - OptimizeModel_fixed_id_matching - INFO - Training linear_regression
2025-07-30 05:01:07,006 - OptimizeModel_fixed_id_matching - INFO - linear_regression - MSE: 117.3787, MAE: 8.8168, R2: 0.8998
2025-07-30 05:01:07,006 - OptimizeModel_fixed_id_matching - INFO - Model training completed successfully
2025-07-30 05:01:07,006 - OptimizeModel_fixed_id_matching - INFO - Making predictions with random_forest
2025-07-30 05:01:07,008 - OptimizeModel_fixed_id_matching - INFO - Prepared features: 50 features, 522 samples
2025-07-30 05:01:07,031 - OptimizeModel_fixed_id_matching - INFO - Generated 522 predictions
2025-07-30 05:01:07,031 - OptimizeModel_fixed_id_matching - INFO - Pipeline completed successfully
2025-07-30 05:01:07,031 - __main__ - INFO - ✓ Training with all features completed: 522 predictions
2025-07-30 05:01:07,031 - __main__ - INFO - ✓ Feature importance extracted: 50 features
2025-07-30 05:01:07,032 - __main__ - INFO - Testing backward compatibility...
2025-07-30 05:01:07,032 - OptimizeModel_fixed_id_matching - INFO - Initializing DataLoader for TSLA with period 2y
2025-07-30 05:01:07,032 - OptimizeModel_fixed_id_matching - INFO - Initializing FeatureEngineer
2025-07-30 05:01:07,032 - OptimizeModel_fixed_id_matching - INFO - Initialized OptimizeModel for TSLA with 1 day prediction
2025-07-30 05:01:07,032 - OptimizeModel_fixed_id_matching - INFO - Starting complete training and prediction pipeline
2025-07-30 05:01:07,032 - OptimizeModel_fixed_id_matching - INFO - Loading all data sources
2025-07-30 05:01:07,032 - OptimizeModel_fixed_id_matching - INFO - Loading stock data for TSLA
2025-07-30 05:01:07,052 - yfinance - ERROR - Failed to get ticker 'TSLA' reason: HTTPSConnectionPool(host='fc.yahoo.com', port=443): Max retries exceeded with url: / (Caused by NameResolutionError("<urllib3.connection.HTTPSConnection object at 0x7f324922fb10>: Failed to resolve 'fc.yahoo.com' ([Errno -3] Temporary failure in name resolution)"))
2025-07-30 05:01:07,066 - yfinance - ERROR - $TSLA: possibly delisted; no price data found  (period=2y)
2025-07-30 05:01:07,066 - OptimizeModel_fixed_id_matching - WARNING - Yahoo Finance returned empty data
2025-07-30 05:01:07,264 - OptimizeModel_fixed_id_matching - INFO - Generated 523 rows of simulated stock data
2025-07-30 05:01:07,264 - OptimizeModel_fixed_id_matching - INFO - Loading on-chain metrics
2025-07-30 05:01:07,266 - OptimizeModel_fixed_id_matching - INFO - Successfully loaded 731 rows of on-chain data
2025-07-30 05:01:07,266 - OptimizeModel_fixed_id_matching - INFO - Loading sentiment data
2025-07-30 05:01:07,267 - OptimizeModel_fixed_id_matching - INFO - Successfully loaded 731 rows of sentiment data
2025-07-30 05:01:07,269 - OptimizeModel_fixed_id_matching - INFO - Merged on-chain data
2025-07-30 05:01:07,270 - OptimizeModel_fixed_id_matching - INFO - Merged sentiment data
2025-07-30 05:01:07,270 - OptimizeModel_fixed_id_matching - INFO - Combined dataset shape: (523, 26)
2025-07-30 05:01:07,271 - OptimizeModel_fixed_id_matching - INFO - On-chain features disabled
2025-07-30 05:01:07,271 - OptimizeModel_fixed_id_matching - INFO - Sentiment features disabled
2025-07-30 05:01:07,271 - OptimizeModel_fixed_id_matching - INFO - Creating advanced features
2025-07-30 05:01:07,271 - OptimizeModel_fixed_id_matching - INFO - Creating technical indicators
2025-07-30 05:01:07,278 - OptimizeModel_fixed_id_matching - INFO - Created 23 technical indicators
2025-07-30 05:01:07,279 - OptimizeModel_fixed_id_matching - WARNING - Only 0 valid rows after feature engineering. Using forward fill to preserve more data.
2025-07-30 05:01:07,279 - OptimizeModel_fixed_id_matching - INFO - Creating technical indicators
2025-07-30 05:01:07,286 - OptimizeModel_fixed_id_matching - INFO - Created 23 technical indicators
2025-07-30 05:01:07,290 - OptimizeModel_fixed_id_matching - INFO - Final dataset shape after feature engineering: (522, 43) (started with 523)
2025-07-30 05:01:07,291 - OptimizeModel_fixed_id_matching - INFO - Prepared features: 34 features, 522 samples
2025-07-30 05:01:07,291 - OptimizeModel_fixed_id_matching - INFO - Training models
2025-07-30 05:01:07,291 - OptimizeModel_fixed_id_matching - INFO - Training random_forest
2025-07-30 05:01:07,523 - OptimizeModel_fixed_id_matching - INFO - random_forest - MSE: 1098.4832, MAE: 22.5920, R2: 0.0619
2025-07-30 05:01:07,547 - OptimizeModel_fixed_id_matching - INFO - Top 5 features for random_forest:
2025-07-30 05:01:07,547 - OptimizeModel_fixed_id_matching - INFO -   close_lag_1: 0.4848
2025-07-30 05:01:07,547 - OptimizeModel_fixed_id_matching - INFO -   ema_5: 0.3409
2025-07-30 05:01:07,548 - OptimizeModel_fixed_id_matching - INFO -   sma_5: 0.1129
2025-07-30 05:01:07,548 - OptimizeModel_fixed_id_matching - INFO -   ema_10: 0.0252
2025-07-30 05:01:07,548 - OptimizeModel_fixed_id_matching - INFO -   ema_20: 0.0073
2025-07-30 05:01:07,548 - OptimizeModel_fixed_id_matching - INFO - Training gradient_boosting
2025-07-30 05:01:07,878 - OptimizeModel_fixed_id_matching - INFO - gradient_boosting - MSE: 929.1335, MAE: 21.0863, R2: 0.2065
2025-07-30 05:01:07,879 - OptimizeModel_fixed_id_matching - INFO - Top 5 features for gradient_boosting:
2025-07-30 05:01:07,879 - OptimizeModel_fixed_id_matching - INFO -   ema_5: 0.5494
2025-07-30 05:01:07,879 - OptimizeModel_fixed_id_matching - INFO -   close_lag_1: 0.3928
2025-07-30 05:01:07,880 - OptimizeModel_fixed_id_matching - INFO -   sma_5: 0.0236
2025-07-30 05:01:07,880 - OptimizeModel_fixed_id_matching - INFO -   bb_upper: 0.0063
2025-07-30 05:01:07,880 - OptimizeModel_fixed_id_matching - INFO -   sma_10: 0.0048
2025-07-30 05:01:07,880 - OptimizeModel_fixed_id_matching - INFO - Training linear_regression
2025-07-30 05:01:07,882 - OptimizeModel_fixed_id_matching - INFO - linear_regression - MSE: 117.3787, MAE: 8.8168, R2: 0.8998
2025-07-30 05:01:07,882 - OptimizeModel_fixed_id_matching - INFO - Model training completed successfully
2025-07-30 05:01:07,882 - OptimizeModel_fixed_id_matching - INFO - Making predictions with random_forest
2025-07-30 05:01:07,883 - OptimizeModel_fixed_id_matching - INFO - Prepared features: 34 features, 522 samples
2025-07-30 05:01:07,907 - OptimizeModel_fixed_id_matching - INFO - Generated 522 predictions
2025-07-30 05:01:07,907 - OptimizeModel_fixed_id_matching - INFO - Pipeline completed successfully
2025-07-30 05:01:07,907 - __main__ - INFO - ✓ Backward compatibility confirmed
2025-07-30 05:01:07,907 - __main__ - INFO - Testing model save/load functionality...
2025-07-30 05:01:07,907 - OptimizeModel_fixed_id_matching - INFO - Initializing DataLoader for TSLA with period 2y
2025-07-30 05:01:07,908 - OptimizeModel_fixed_id_matching - INFO - Initializing FeatureEngineer
2025-07-30 05:01:07,908 - OptimizeModel_fixed_id_matching - INFO - Initialized OptimizeModel for TSLA with 1 day prediction
2025-07-30 05:01:07,908 - OptimizeModel_fixed_id_matching - INFO - Starting complete training and prediction pipeline
2025-07-30 05:01:07,908 - OptimizeModel_fixed_id_matching - INFO - Loading all data sources
2025-07-30 05:01:07,908 - OptimizeModel_fixed_id_matching - INFO - Loading stock data for TSLA
2025-07-30 05:01:07,914 - yfinance - ERROR - Failed to get ticker 'TSLA' reason: HTTPSConnectionPool(host='fc.yahoo.com', port=443): Max retries exceeded with url: / (Caused by NameResolutionError("<urllib3.connection.HTTPSConnection object at 0x7f324922fc50>: Failed to resolve 'fc.yahoo.com' ([Errno -3] Temporary failure in name resolution)"))
2025-07-30 05:01:07,921 - yfinance - ERROR - $TSLA: possibly delisted; no price data found  (period=2y)
2025-07-30 05:01:07,921 - OptimizeModel_fixed_id_matching - WARNING - Yahoo Finance returned empty data
2025-07-30 05:01:08,124 - OptimizeModel_fixed_id_matching - INFO - Generated 523 rows of simulated stock data
2025-07-30 05:01:08,124 - OptimizeModel_fixed_id_matching - INFO - Loading on-chain metrics
2025-07-30 05:01:08,126 - OptimizeModel_fixed_id_matching - INFO - Successfully loaded 731 rows of on-chain data
2025-07-30 05:01:08,126 - OptimizeModel_fixed_id_matching - INFO - Loading sentiment data
2025-07-30 05:01:08,127 - OptimizeModel_fixed_id_matching - INFO - Successfully loaded 731 rows of sentiment data
2025-07-30 05:01:08,129 - OptimizeModel_fixed_id_matching - INFO - Merged on-chain data
2025-07-30 05:01:08,130 - OptimizeModel_fixed_id_matching - INFO - Merged sentiment data
2025-07-30 05:01:08,130 - OptimizeModel_fixed_id_matching - INFO - Combined dataset shape: (523, 26)
2025-07-30 05:01:08,131 - OptimizeModel_fixed_id_matching - INFO - On-chain features disabled
2025-07-30 05:01:08,131 - OptimizeModel_fixed_id_matching - INFO - Sentiment features disabled
2025-07-30 05:01:08,131 - OptimizeModel_fixed_id_matching - INFO - Creating advanced features
2025-07-30 05:01:08,131 - OptimizeModel_fixed_id_matching - INFO - Creating technical indicators
2025-07-30 05:01:08,138 - OptimizeModel_fixed_id_matching - INFO - Created 23 technical indicators
2025-07-30 05:01:08,139 - OptimizeModel_fixed_id_matching - WARNING - Only 0 valid rows after feature engineering. Using forward fill to preserve more data.
2025-07-30 05:01:08,139 - OptimizeModel_fixed_id_matching - INFO - Creating technical indicators
2025-07-30 05:01:08,146 - OptimizeModel_fixed_id_matching - INFO - Created 23 technical indicators
2025-07-30 05:01:08,150 - OptimizeModel_fixed_id_matching - INFO - Final dataset shape after feature engineering: (522, 43) (started with 523)
2025-07-30 05:01:08,151 - OptimizeModel_fixed_id_matching - INFO - Prepared features: 34 features, 522 samples
2025-07-30 05:01:08,151 - OptimizeModel_fixed_id_matching - INFO - Training models
2025-07-30 05:01:08,151 - OptimizeModel_fixed_id_matching - INFO - Training random_forest
2025-07-30 05:01:08,381 - OptimizeModel_fixed_id_matching - INFO - random_forest - MSE: 1098.4832, MAE: 22.5920, R2: 0.0619
2025-07-30 05:01:08,406 - OptimizeModel_fixed_id_matching - INFO - Top 5 features for random_forest:
2025-07-30 05:01:08,406 - OptimizeModel_fixed_id_matching - INFO -   close_lag_1: 0.4848
2025-07-30 05:01:08,406 - OptimizeModel_fixed_id_matching - INFO -   ema_5: 0.3409
2025-07-30 05:01:08,406 - OptimizeModel_fixed_id_matching - INFO -   sma_5: 0.1129
2025-07-30 05:01:08,406 - OptimizeModel_fixed_id_matching - INFO -   ema_10: 0.0252
2025-07-30 05:01:08,406 - OptimizeModel_fixed_id_matching - INFO -   ema_20: 0.0073
2025-07-30 05:01:08,406 - OptimizeModel_fixed_id_matching - INFO - Training gradient_boosting
2025-07-30 05:01:08,737 - OptimizeModel_fixed_id_matching - INFO - gradient_boosting - MSE: 929.1335, MAE: 21.0863, R2: 0.2065
2025-07-30 05:01:08,738 - OptimizeModel_fixed_id_matching - INFO - Top 5 features for gradient_boosting:
2025-07-30 05:01:08,739 - OptimizeModel_fixed_id_matching - INFO -   ema_5: 0.5494
2025-07-30 05:01:08,739 - OptimizeModel_fixed_id_matching - INFO -   close_lag_1: 0.3928
2025-07-30 05:01:08,739 - OptimizeModel_fixed_id_matching - INFO -   sma_5: 0.0236
2025-07-30 05:01:08,739 - OptimizeModel_fixed_id_matching - INFO -   bb_upper: 0.0063
2025-07-30 05:01:08,739 - OptimizeModel_fixed_id_matching - INFO -   sma_10: 0.0048
2025-07-30 05:01:08,739 - OptimizeModel_fixed_id_matching - INFO - Training linear_regression
2025-07-30 05:01:08,741 - OptimizeModel_fixed_id_matching - INFO - linear_regression - MSE: 117.3787, MAE: 8.8168, R2: 0.8998
2025-07-30 05:01:08,741 - OptimizeModel_fixed_id_matching - INFO - Model training completed successfully
2025-07-30 05:01:08,741 - OptimizeModel_fixed_id_matching - INFO - Making predictions with random_forest
2025-07-30 05:01:08,742 - OptimizeModel_fixed_id_matching - INFO - Prepared features: 34 features, 522 samples
2025-07-30 05:01:08,765 - OptimizeModel_fixed_id_matching - INFO - Generated 522 predictions
2025-07-30 05:01:08,766 - OptimizeModel_fixed_id_matching - INFO - Pipeline completed successfully
2025-07-30 05:01:08,776 - OptimizeModel_fixed_id_matching - INFO - Model saved to /tmp/test_model.pkl
2025-07-30 05:01:08,776 - __main__ - INFO - ✓ Model saved successfully
2025-07-30 05:01:08,776 - OptimizeModel_fixed_id_matching - INFO - Initializing DataLoader for AAPL with period 2y
2025-07-30 05:01:08,776 - OptimizeModel_fixed_id_matching - INFO - Initializing FeatureEngineer
2025-07-30 05:01:08,776 - OptimizeModel_fixed_id_matching - INFO - Initialized OptimizeModel for AAPL with 5 day prediction
2025-07-30 05:01:08,785 - OptimizeModel_fixed_id_matching - INFO - Model loaded from /tmp/test_model.pkl
2025-07-30 05:01:08,785 - __main__ - INFO - ✓ Model loaded successfully
2025-07-30 05:01:08,786 - __main__ - INFO - 🎉 All tests passed successfully!
